<?xml version="1.0" encoding="ISO-8859-1" ?>
<link_info>
   <banner>TI ARM Linker PC v18.12.4.LTS</banner>
   <copyright>Copyright (c) 1996-2018 Texas Instruments Incorporated</copyright>
   <link_time>0x5f56a142</link_time>
   <link_errors>0x0</link_errors>
   <output_file>USB_MouseDevice.out</output_file>
   <entry_point>
      <name>_c_int00_noargs</name>
      <address>0x344d</address>
   </entry_point>
   <input_file_list>
      <input_file id="fl-2">
         <path>.\</path>
         <kind>object</kind>
         <file>tm4c123gh6pm_startup_ccs.obj</file>
         <name>tm4c123gh6pm_startup_ccs.obj</name>
      </input_file>
      <input_file id="fl-3">
         <path>.\</path>
         <kind>object</kind>
         <file>usb_dev_mouse.obj</file>
         <name>usb_dev_mouse.obj</name>
      </input_file>
      <input_file id="fl-4">
         <path>.\</path>
         <kind>object</kind>
         <file>usb_mouse_structs.obj</file>
         <name>usb_mouse_structs.obj</name>
      </input_file>
      <input_file id="fl-5">
         <path>.\drivers\</path>
         <kind>object</kind>
         <file>buttons.obj</file>
         <name>buttons.obj</name>
      </input_file>
      <input_file id="fl-6">
         <path>.\drivers\</path>
         <kind>object</kind>
         <file>rgb.obj</file>
         <name>rgb.obj</name>
      </input_file>
      <input_file id="fl-7">
         <path>.\utils\</path>
         <kind>object</kind>
         <file>uartstdio.obj</file>
         <name>uartstdio.obj</name>
      </input_file>
      <input_file id="fl-d">
         <kind>object</kind>
         <file>&lt;internal&gt;</file>
         <name>&lt;internal&gt;</name>
      </input_file>
      <input_file id="fl-e">
         <path>C:\ti\TivaWare_C_Series-2.2.0.295\driverlib\ccs\Debug\</path>
         <kind>archive</kind>
         <file>driverlib.lib</file>
         <name>sysctl.obj</name>
      </input_file>
      <input_file id="fl-f">
         <path>C:\ti\TivaWare_C_Series-2.2.0.295\driverlib\ccs\Debug\</path>
         <kind>archive</kind>
         <file>driverlib.lib</file>
         <name>uart.obj</name>
      </input_file>
      <input_file id="fl-10">
         <path>C:\ti\TivaWare_C_Series-2.2.0.295\driverlib\ccs\Debug\</path>
         <kind>archive</kind>
         <file>driverlib.lib</file>
         <name>cpu.obj</name>
      </input_file>
      <input_file id="fl-11">
         <path>C:\ti\TivaWare_C_Series-2.2.0.295\driverlib\ccs\Debug\</path>
         <kind>archive</kind>
         <file>driverlib.lib</file>
         <name>interrupt.obj</name>
      </input_file>
      <input_file id="fl-12">
         <path>C:\ti\TivaWare_C_Series-2.2.0.295\usblib\ccs\Debug\</path>
         <kind>archive</kind>
         <file>usblib.lib</file>
         <name>usbmode.obj</name>
      </input_file>
      <input_file id="fl-13">
         <path>C:\ti\TivaWare_C_Series-2.2.0.295\usblib\ccs\Debug\</path>
         <kind>archive</kind>
         <file>usblib.lib</file>
         <name>usbtick.obj</name>
      </input_file>
      <input_file id="fl-14">
         <path>C:\ti\TivaWare_C_Series-2.2.0.295\usblib\ccs\Debug\</path>
         <kind>archive</kind>
         <file>usblib.lib</file>
         <name>usbdenum.obj</name>
      </input_file>
      <input_file id="fl-15">
         <path>C:\ti\TivaWare_C_Series-2.2.0.295\usblib\ccs\Debug\</path>
         <kind>archive</kind>
         <file>usblib.lib</file>
         <name>usbdhandler.obj</name>
      </input_file>
      <input_file id="fl-16">
         <path>C:\ti\TivaWare_C_Series-2.2.0.295\usblib\ccs\Debug\</path>
         <kind>archive</kind>
         <file>usblib.lib</file>
         <name>usbdhidmouse.obj</name>
      </input_file>
      <input_file id="fl-17">
         <path>C:\ti\TivaWare_C_Series-2.2.0.295\usblib\ccs\Debug\</path>
         <kind>archive</kind>
         <file>usblib.lib</file>
         <name>usbhostenum.obj</name>
      </input_file>
      <input_file id="fl-18">
         <path>C:\ti\TivaWare_C_Series-2.2.0.295\usblib\ccs\Debug\</path>
         <kind>archive</kind>
         <file>usblib.lib</file>
         <name>usbdesc.obj</name>
      </input_file>
      <input_file id="fl-19">
         <path>C:\ti\TivaWare_C_Series-2.2.0.295\usblib\ccs\Debug\</path>
         <kind>archive</kind>
         <file>usblib.lib</file>
         <name>usbdma.obj</name>
      </input_file>
      <input_file id="fl-1a">
         <path>C:\ti\TivaWare_C_Series-2.2.0.295\usblib\ccs\Debug\</path>
         <kind>archive</kind>
         <file>usblib.lib</file>
         <name>usbulpi.obj</name>
      </input_file>
      <input_file id="fl-1b">
         <path>C:\ti\TivaWare_C_Series-2.2.0.295\usblib\ccs\Debug\</path>
         <kind>archive</kind>
         <file>usblib.lib</file>
         <name>usbdcdesc.obj</name>
      </input_file>
      <input_file id="fl-1c">
         <path>C:\ti\TivaWare_C_Series-2.2.0.295\usblib\ccs\Debug\</path>
         <kind>archive</kind>
         <file>usblib.lib</file>
         <name>usbdconfig.obj</name>
      </input_file>
      <input_file id="fl-1d">
         <path>C:\ti\TivaWare_C_Series-2.2.0.295\usblib\ccs\Debug\</path>
         <kind>archive</kind>
         <file>usblib.lib</file>
         <name>usbdhid.obj</name>
      </input_file>
      <input_file id="fl-1e">
         <path>C:\ti\TivaWare_C_Series-2.2.0.295\usblib\ccs\Debug\</path>
         <kind>archive</kind>
         <file>usblib.lib</file>
         <name>usbhhub.obj</name>
      </input_file>
      <input_file id="fl-d4">
         <path>C:\ti\ccs920\ccs\tools\compiler\ti-cgt-arm_18.12.4.LTS\lib\</path>
         <kind>archive</kind>
         <file>rtsv7M4_T_le_v4SPD16_eabi.lib</file>
         <name>fs_toull_t2.asm.obj</name>
      </input_file>
      <input_file id="fl-d5">
         <path>C:\ti\ccs920\ccs\tools\compiler\ti-cgt-arm_18.12.4.LTS\lib\</path>
         <kind>archive</kind>
         <file>rtsv7M4_T_le_v4SPD16_eabi.lib</file>
         <name>u_divt2.asm.obj</name>
      </input_file>
      <input_file id="fl-d6">
         <path>C:\ti\ccs920\ccs\tools\compiler\ti-cgt-arm_18.12.4.LTS\lib\</path>
         <kind>archive</kind>
         <file>rtsv7M4_T_le_v4SPD16_eabi.lib</file>
         <name>copy_zero_init.c.obj</name>
      </input_file>
      <input_file id="fl-d7">
         <path>C:\ti\ccs920\ccs\tools\compiler\ti-cgt-arm_18.12.4.LTS\lib\</path>
         <kind>archive</kind>
         <file>rtsv7M4_T_le_v4SPD16_eabi.lib</file>
         <name>copy_decompress_none.c.obj</name>
      </input_file>
      <input_file id="fl-d8">
         <path>C:\ti\ccs920\ccs\tools\compiler\ti-cgt-arm_18.12.4.LTS\lib\</path>
         <kind>archive</kind>
         <file>rtsv7M4_T_le_v4SPD16_eabi.lib</file>
         <name>copy_decompress_lzss.c.obj</name>
      </input_file>
      <input_file id="fl-d9">
         <path>C:\ti\ccs920\ccs\tools\compiler\ti-cgt-arm_18.12.4.LTS\lib\</path>
         <kind>archive</kind>
         <file>rtsv7M4_T_le_v4SPD16_eabi.lib</file>
         <name>boot_cortex_m.c.obj</name>
      </input_file>
      <input_file id="fl-da">
         <path>C:\ti\ccs920\ccs\tools\compiler\ti-cgt-arm_18.12.4.LTS\lib\</path>
         <kind>archive</kind>
         <file>rtsv7M4_T_le_v4SPD16_eabi.lib</file>
         <name>div0.asm.obj</name>
      </input_file>
      <input_file id="fl-db">
         <path>C:\ti\ccs920\ccs\tools\compiler\ti-cgt-arm_18.12.4.LTS\lib\</path>
         <kind>archive</kind>
         <file>rtsv7M4_T_le_v4SPD16_eabi.lib</file>
         <name>memcpy_t2.asm.obj</name>
      </input_file>
      <input_file id="fl-dc">
         <path>C:\ti\ccs920\ccs\tools\compiler\ti-cgt-arm_18.12.4.LTS\lib\</path>
         <kind>archive</kind>
         <file>rtsv7M4_T_le_v4SPD16_eabi.lib</file>
         <name>memset_t2.asm.obj</name>
      </input_file>
      <input_file id="fl-dd">
         <path>C:\ti\ccs920\ccs\tools\compiler\ti-cgt-arm_18.12.4.LTS\lib\</path>
         <kind>archive</kind>
         <file>rtsv7M4_T_le_v4SPD16_eabi.lib</file>
         <name>autoinit.c.obj</name>
      </input_file>
      <input_file id="fl-de">
         <path>C:\ti\ccs920\ccs\tools\compiler\ti-cgt-arm_18.12.4.LTS\lib\</path>
         <kind>archive</kind>
         <file>rtsv7M4_T_le_v4SPD16_eabi.lib</file>
         <name>pre_init.c.obj</name>
      </input_file>
      <input_file id="fl-df">
         <path>C:\ti\ccs920\ccs\tools\compiler\ti-cgt-arm_18.12.4.LTS\lib\</path>
         <kind>archive</kind>
         <file>rtsv7M4_T_le_v4SPD16_eabi.lib</file>
         <name>cpy_tbl.c.obj</name>
      </input_file>
      <input_file id="fl-e0">
         <path>C:\ti\ccs920\ccs\tools\compiler\ti-cgt-arm_18.12.4.LTS\lib\</path>
         <kind>archive</kind>
         <file>rtsv7M4_T_le_v4SPD16_eabi.lib</file>
         <name>exit.c.obj</name>
      </input_file>
      <input_file id="fl-e1">
         <path>C:\ti\ccs920\ccs\tools\compiler\ti-cgt-arm_18.12.4.LTS\lib\</path>
         <kind>archive</kind>
         <file>rtsv7M4_T_le_v4SPD16_eabi.lib</file>
         <name>_lock.c.obj</name>
      </input_file>
      <input_file id="fl-e2">
         <path>C:\ti\ccs920\ccs\tools\compiler\ti-cgt-arm_18.12.4.LTS\lib\</path>
         <kind>archive</kind>
         <file>rtsv7M4_T_le_v4SPD16_eabi.lib</file>
         <name>args_main.c.obj</name>
      </input_file>
      <input_file id="fl-e3">
         <path>C:\ti\TivaWare_C_Series-2.2.0.295\driverlib\ccs\Debug\</path>
         <kind>archive</kind>
         <file>driverlib.lib</file>
         <name>udma.obj</name>
      </input_file>
      <input_file id="fl-e4">
         <path>C:\ti\TivaWare_C_Series-2.2.0.295\driverlib\ccs\Debug\</path>
         <kind>archive</kind>
         <file>driverlib.lib</file>
         <name>usb.obj</name>
      </input_file>
   </input_file_list>
   <object_component_list>
      <object_component id="oc-10">
         <name>.intvecs</name>
         <load_address>0x0</load_address>
         <run_address>0x0</run_address>
         <size>0x26c</size>
         <input_file_ref idref="fl-2"/>
      </object_component>
      <object_component id="oc-31">
         <name>.text</name>
         <load_address>0x26c</load_address>
         <run_address>0x26c</run_address>
         <size>0x91c</size>
         <input_file_ref idref="fl-7"/>
      </object_component>
      <object_component id="oc-2b">
         <name>.text</name>
         <load_address>0xb88</load_address>
         <run_address>0xb88</run_address>
         <size>0x414</size>
         <input_file_ref idref="fl-3"/>
      </object_component>
      <object_component id="oc-3a6">
         <name>.text:USBLibDMAInit</name>
         <load_address>0xf9c</load_address>
         <run_address>0xf9c</run_address>
         <size>0x164</size>
         <input_file_ref idref="fl-19"/>
      </object_component>
      <object_component id="oc-280">
         <name>.text:USBDCDInit</name>
         <load_address>0x1100</load_address>
         <run_address>0x1100</run_address>
         <size>0x150</size>
         <input_file_ref idref="fl-14"/>
      </object_component>
      <object_component id="oc-2dc">
         <name>.text:USBDEP0StateTxConfig</name>
         <load_address>0x1250</load_address>
         <run_address>0x1250</run_address>
         <size>0x150</size>
         <input_file_ref idref="fl-14"/>
      </object_component>
      <object_component id="oc-e5">
         <name>.text:USBDeviceIntHandlerInternal</name>
         <load_address>0x13a0</load_address>
         <run_address>0x13a0</run_address>
         <size>0x150</size>
         <input_file_ref idref="fl-14"/>
      </object_component>
      <object_component id="oc-6ca">
         <name>.text:USBDeviceConfig</name>
         <load_address>0x14f0</load_address>
         <run_address>0x14f0</run_address>
         <size>0x148</size>
         <input_file_ref idref="fl-1c"/>
      </object_component>
      <object_component id="oc-8a">
         <name>.text</name>
         <load_address>0x1638</load_address>
         <run_address>0x1638</run_address>
         <size>0x128</size>
         <input_file_ref idref="fl-5"/>
      </object_component>
      <object_component id="oc-42f">
         <name>.text:HandleRequest</name>
         <load_address>0x1760</load_address>
         <run_address>0x1760</run_address>
         <size>0x114</size>
         <input_file_ref idref="fl-1d"/>
      </object_component>
      <object_component id="oc-51e">
         <name>.text:iDMAUSBTransfer</name>
         <load_address>0x1874</load_address>
         <run_address>0x1874</run_address>
         <size>0xf4</size>
         <input_file_ref idref="fl-19"/>
      </object_component>
      <object_component id="oc-569">
         <name>.text:USBDGetDescriptor</name>
         <load_address>0x1968</load_address>
         <run_address>0x1968</run_address>
         <size>0xe4</size>
         <input_file_ref idref="fl-14"/>
      </object_component>
      <object_component id="oc-264">
         <name>.text:USBDHIDCompositeInit</name>
         <load_address>0x1a4c</load_address>
         <run_address>0x1a4c</run_address>
         <size>0xe0</size>
         <input_file_ref idref="fl-1d"/>
      </object_component>
      <object_component id="oc-1c9">
         <name>.text:USBDeviceEnumHandler</name>
         <load_address>0x1b2c</load_address>
         <run_address>0x1b2c</run_address>
         <size>0xd8</size>
         <input_file_ref idref="fl-14"/>
      </object_component>
      <object_component id="oc-4ac">
         <name>.text:uDMAUSBChannelAllocate</name>
         <load_address>0x1c04</load_address>
         <run_address>0x1c04</run_address>
         <size>0xd0</size>
         <input_file_ref idref="fl-19"/>
      </object_component>
      <object_component id="oc-4ee">
         <name>.text:uDMAUSBTransfer</name>
         <load_address>0x1cd4</load_address>
         <run_address>0x1cd4</run_address>
         <size>0xbc</size>
         <input_file_ref idref="fl-19"/>
      </object_component>
      <object_component id="oc-4b">
         <name>.text</name>
         <load_address>0x1d90</load_address>
         <run_address>0x1d90</run_address>
         <size>0x9c</size>
         <input_file_ref idref="fl-db"/>
      </object_component>
      <object_component id="oc-587">
         <name>.text:USBDSetInterface</name>
         <load_address>0x1e2c</load_address>
         <run_address>0x1e2c</run_address>
         <size>0x98</size>
         <input_file_ref idref="fl-14"/>
      </object_component>
      <object_component id="oc-57b">
         <name>.text:USBDSetConfiguration</name>
         <load_address>0x1ec4</load_address>
         <run_address>0x1ec4</run_address>
         <size>0x90</size>
         <input_file_ref idref="fl-14"/>
      </object_component>
      <object_component id="oc-6d8">
         <name>.text:USBDeviceConfigAlternate</name>
         <load_address>0x1f54</load_address>
         <run_address>0x1f54</run_address>
         <size>0x8c</size>
         <input_file_ref idref="fl-1c"/>
      </object_component>
      <object_component id="oc-46f">
         <name>.text:ProcessIdleTimers</name>
         <load_address>0x1fe0</load_address>
         <run_address>0x1fe0</run_address>
         <size>0x88</size>
         <input_file_ref idref="fl-1d"/>
      </object_component>
      <object_component id="oc-143">
         <name>.text:USBDHIDMouseCompositeInit</name>
         <load_address>0x2068</load_address>
         <run_address>0x2068</run_address>
         <size>0x88</size>
         <input_file_ref idref="fl-16"/>
      </object_component>
      <object_component id="oc-500">
         <name>.text:iDMAUSBChannelAllocate</name>
         <load_address>0x20f0</load_address>
         <run_address>0x20f0</run_address>
         <size>0x88</size>
         <input_file_ref idref="fl-19"/>
      </object_component>
      <object_component id="oc-557">
         <name>.text:USBDClearFeature</name>
         <load_address>0x2178</load_address>
         <run_address>0x2178</run_address>
         <size>0x7c</size>
         <input_file_ref idref="fl-14"/>
      </object_component>
      <object_component id="oc-65b">
         <name>.text:uDMAChannelTransferSet</name>
         <load_address>0x21f4</load_address>
         <run_address>0x21f4</run_address>
         <size>0x7c</size>
         <input_file_ref idref="fl-e3"/>
      </object_component>
      <object_component id="oc-727">
         <name>.text:USBDevEndpointConfigSet</name>
         <load_address>0x2270</load_address>
         <run_address>0x2270</run_address>
         <size>0x7a</size>
         <input_file_ref idref="fl-e4"/>
      </object_component>
      <object_component id="oc-108">
         <name>.text</name>
         <load_address>0x22ea</load_address>
         <run_address>0x22ea</run_address>
         <size>0x7a</size>
         <input_file_ref idref="fl-dc"/>
      </object_component>
      <object_component id="oc-551">
         <name>.text:USBDGetStatus</name>
         <load_address>0x2364</load_address>
         <run_address>0x2364</run_address>
         <size>0x78</size>
         <input_file_ref idref="fl-14"/>
      </object_component>
      <object_component id="oc-26a">
         <name>.text:HIDMouseRxHandler</name>
         <load_address>0x23dc</load_address>
         <run_address>0x23dc</run_address>
         <size>0x76</size>
         <input_file_ref idref="fl-16"/>
      </object_component>
      <object_component id="oc-4f4">
         <name>.text:uDMAUSBUnitSizeSet</name>
         <load_address>0x2452</load_address>
         <run_address>0x2452</run_address>
         <size>0x72</size>
         <input_file_ref idref="fl-19"/>
      </object_component>
      <object_component id="oc-2e2">
         <name>.text:USBDEP0StateTx</name>
         <load_address>0x24c4</load_address>
         <run_address>0x24c4</run_address>
         <size>0x70</size>
         <input_file_ref idref="fl-14"/>
      </object_component>
      <object_component id="oc-55d">
         <name>.text:USBDSetFeature</name>
         <load_address>0x2534</load_address>
         <run_address>0x2534</run_address>
         <size>0x70</size>
         <input_file_ref idref="fl-14"/>
      </object_component>
      <object_component id="oc-4a6">
         <name>.text:uDMAUSBArbSizeSet</name>
         <load_address>0x25a4</load_address>
         <run_address>0x25a4</run_address>
         <size>0x70</size>
         <input_file_ref idref="fl-19"/>
      </object_component>
      <object_component id="oc-634">
         <name>.text:IntDisable</name>
         <load_address>0x2614</load_address>
         <run_address>0x2614</run_address>
         <size>0x68</size>
         <input_file_ref idref="fl-11"/>
      </object_component>
      <object_component id="oc-3be">
         <name>.text:IntEnable</name>
         <load_address>0x267c</load_address>
         <run_address>0x267c</run_address>
         <size>0x68</size>
         <input_file_ref idref="fl-11"/>
      </object_component>
      <object_component id="oc-13">
         <name>.text:decompress:lzss:__TI_decompress_lzss</name>
         <load_address>0x26e4</load_address>
         <run_address>0x26e4</run_address>
         <size>0x68</size>
         <input_file_ref idref="fl-d8"/>
      </object_component>
      <object_component id="oc-429">
         <name>.text:HandleGetDescriptor</name>
         <load_address>0x274c</load_address>
         <run_address>0x274c</run_address>
         <size>0x64</size>
         <input_file_ref idref="fl-1d"/>
      </object_component>
      <object_component id="oc-62e">
         <name>.text:IntIsEnabled</name>
         <load_address>0x27b0</load_address>
         <run_address>0x27b0</run_address>
         <size>0x64</size>
         <input_file_ref idref="fl-11"/>
      </object_component>
      <object_component id="oc-4b8">
         <name>.text:uDMAUSBChannelEnable</name>
         <load_address>0x2814</load_address>
         <run_address>0x2814</run_address>
         <size>0x64</size>
         <input_file_ref idref="fl-19"/>
      </object_component>
      <object_component id="oc-465">
         <name>.text:HandleDevice</name>
         <load_address>0x2878</load_address>
         <run_address>0x2878</run_address>
         <size>0x60</size>
         <input_file_ref idref="fl-1d"/>
      </object_component>
      <object_component id="oc-5dc">
         <name>.text:ProcessDataFromHost</name>
         <load_address>0x28d8</load_address>
         <run_address>0x28d8</run_address>
         <size>0x60</size>
         <input_file_ref idref="fl-1d"/>
      </object_component>
      <object_component id="oc-2d6">
         <name>.text:USBDReadAndDispatchRequest</name>
         <load_address>0x2938</load_address>
         <run_address>0x2938</run_address>
         <size>0x60</size>
         <input_file_ref idref="fl-14"/>
      </object_component>
      <object_component id="oc-2be">
         <name>.text:USBDevEndpointStatusClear</name>
         <load_address>0x2998</load_address>
         <run_address>0x2998</run_address>
         <size>0x5e</size>
         <input_file_ref idref="fl-e4"/>
      </object_component>
      <object_component id="oc-5b5">
         <name>.text:FindHIDDescriptor</name>
         <load_address>0x29f6</load_address>
         <run_address>0x29f6</run_address>
         <size>0x5c</size>
         <input_file_ref idref="fl-1d"/>
      </object_component>
      <object_component id="oc-4ca">
         <name>.text:uDMAUSBChannelRelease</name>
         <load_address>0x2a52</load_address>
         <run_address>0x2a52</run_address>
         <size>0x56</size>
         <input_file_ref idref="fl-19"/>
      </object_component>
      <object_component id="oc-5e2">
         <name>.text:ProcessDataToHost</name>
         <load_address>0x2aa8</load_address>
         <run_address>0x2aa8</run_address>
         <size>0x54</size>
         <input_file_ref idref="fl-1d"/>
      </object_component>
      <object_component id="oc-37c">
         <name>.text:ULPIConfigSet</name>
         <load_address>0x2afc</load_address>
         <run_address>0x2afc</run_address>
         <size>0x52</size>
         <input_file_ref idref="fl-1a"/>
      </object_component>
      <object_component id="oc-4fa">
         <name>.text:iDMAUSBArbSizeSet</name>
         <load_address>0x2b4e</load_address>
         <run_address>0x2b4e</run_address>
         <size>0x2</size>
         <input_file_ref idref="fl-19"/>
      </object_component>
      <object_component id="oc-35e">
         <name>.text:SysCtlPeripheralReset</name>
         <load_address>0x2b50</load_address>
         <run_address>0x2b50</run_address>
         <size>0x50</size>
         <input_file_ref idref="fl-e"/>
      </object_component>
      <object_component id="oc-5a5">
         <name>.text:USBDCDConfigDescGet</name>
         <load_address>0x2ba0</load_address>
         <run_address>0x2ba0</run_address>
         <size>0x50</size>
         <input_file_ref idref="fl-1b"/>
      </object_component>
      <object_component id="oc-1ab">
         <name>.text:USBDeviceResumeTickHandler</name>
         <load_address>0x2bf0</load_address>
         <run_address>0x2bf0</run_address>
         <size>0x50</size>
         <input_file_ref idref="fl-14"/>
      </object_component>
      <object_component id="oc-721">
         <name>.text:GetEPDescriptorType</name>
         <load_address>0x2c40</load_address>
         <run_address>0x2c40</run_address>
         <size>0x4c</size>
         <input_file_ref idref="fl-1c"/>
      </object_component>
      <object_component id="oc-6c1">
         <name>.text:USBDStringIndexFromRequest</name>
         <load_address>0x2c8c</load_address>
         <run_address>0x2c8c</run_address>
         <size>0x4c</size>
         <input_file_ref idref="fl-14"/>
      </object_component>
      <object_component id="oc-667">
         <name>.text:USBEndpointDMAConfigSet</name>
         <load_address>0x2cd8</load_address>
         <run_address>0x2cd8</run_address>
         <size>0x4c</size>
         <input_file_ref idref="fl-e4"/>
      </object_component>
      <object_component id="oc-52a">
         <name>.text:iDMAUSBChannelEnable</name>
         <load_address>0x2d24</load_address>
         <run_address>0x2d24</run_address>
         <size>0x4c</size>
         <input_file_ref idref="fl-19"/>
      </object_component>
      <object_component id="oc-5ab">
         <name>.text:ConfigAlternateInterfaceGet</name>
         <load_address>0x2d70</load_address>
         <run_address>0x2d70</run_address>
         <size>0x4a</size>
         <input_file_ref idref="fl-1b"/>
      </object_component>
      <object_component id="oc-128">
         <name>.text:USBDHIDReportWrite</name>
         <load_address>0x2dba</load_address>
         <run_address>0x2dba</run_address>
         <size>0x4a</size>
         <input_file_ref idref="fl-1d"/>
      </object_component>
      <object_component id="oc-6b8">
         <name>.text:USBDevEndpointStallClear</name>
         <load_address>0x2e04</load_address>
         <run_address>0x2e04</run_address>
         <size>0x4a</size>
         <input_file_ref idref="fl-e4"/>
      </object_component>
      <object_component id="oc-4b2">
         <name>.text:uDMAUSBChannelDisable</name>
         <load_address>0x2e4e</load_address>
         <run_address>0x2e4e</run_address>
         <size>0x4a</size>
         <input_file_ref idref="fl-19"/>
      </object_component>
      <object_component id="oc-5ce">
         <name>.text:SetIdleTimeout</name>
         <load_address>0x2e98</load_address>
         <run_address>0x2e98</run_address>
         <size>0x48</size>
         <input_file_ref idref="fl-1d"/>
      </object_component>
      <object_component id="oc-32b">
         <name>.text:USBDCDDeviceInfoInit</name>
         <load_address>0x2ee0</load_address>
         <run_address>0x2ee0</run_address>
         <size>0x48</size>
         <input_file_ref idref="fl-14"/>
      </object_component>
      <object_component id="oc-1a5">
         <name>.text:USBDeviceEnumResetHandler</name>
         <load_address>0x2f28</load_address>
         <run_address>0x2f28</run_address>
         <size>0x48</size>
         <input_file_ref idref="fl-14"/>
      </object_component>
      <object_component id="oc-61a">
         <name>.text:uDMAChannelAttributeDisable</name>
         <load_address>0x2f70</load_address>
         <run_address>0x2f70</run_address>
         <size>0x48</size>
         <input_file_ref idref="fl-e3"/>
      </object_component>
      <object_component id="oc-2ca">
         <name>.text:USBEndpointDataGet</name>
         <load_address>0x2fb8</load_address>
         <run_address>0x2fb8</run_address>
         <size>0x46</size>
         <input_file_ref idref="fl-e4"/>
      </object_component>
      <object_component id="oc-536">
         <name>.text:iDMAUSBUnitSizeSet</name>
         <load_address>0x2ffe</load_address>
         <run_address>0x2ffe</run_address>
         <size>0x2</size>
         <input_file_ref idref="fl-19"/>
      </object_component>
      <object_component id="oc-581">
         <name>.text:USBDGetInterface</name>
         <load_address>0x3000</load_address>
         <run_address>0x3000</run_address>
         <size>0x44</size>
         <input_file_ref idref="fl-14"/>
      </object_component>
      <object_component id="oc-1fc">
         <name>.text:__TI_auto_init_nobinit_nopinit:__TI_auto_init_nobinit_nopinit</name>
         <load_address>0x3044</load_address>
         <run_address>0x3044</run_address>
         <size>0x44</size>
         <input_file_ref idref="fl-dd"/>
      </object_component>
      <object_component id="oc-238">
         <name>.text:ScheduleReportTransmission</name>
         <load_address>0x3088</load_address>
         <run_address>0x3088</run_address>
         <size>0x40</size>
         <input_file_ref idref="fl-1d"/>
      </object_component>
      <object_component id="oc-d0">
         <name>.text</name>
         <load_address>0x30c8</load_address>
         <run_address>0x30c8</run_address>
         <size>0x40</size>
         <input_file_ref idref="fl-d5"/>
      </object_component>
      <object_component id="oc-84">
         <name>.text:USBDHIDMouseStateChange</name>
         <load_address>0x3108</load_address>
         <run_address>0x3108</run_address>
         <size>0x3e</size>
         <input_file_ref idref="fl-16"/>
      </object_component>
      <object_component id="oc-198">
         <name>.text</name>
         <load_address>0x3146</load_address>
         <run_address>0x3146</run_address>
         <size>0x2</size>
         <input_file_ref idref="fl-da"/>
      </object_component>
      <object_component id="oc-289">
         <name>.text:USBDCDRemoteWakeupRequest</name>
         <load_address>0x3148</load_address>
         <run_address>0x3148</run_address>
         <size>0x3c</size>
         <input_file_ref idref="fl-14"/>
      </object_component>
      <object_component id="oc-524">
         <name>.text:iDMAUSBChannelRelease</name>
         <load_address>0x3184</load_address>
         <run_address>0x3184</run_address>
         <size>0x3c</size>
         <input_file_ref idref="fl-19"/>
      </object_component>
      <object_component id="oc-733">
         <name>.text:USBFIFOConfigSet</name>
         <load_address>0x31c0</load_address>
         <run_address>0x31c0</run_address>
         <size>0x3a</size>
         <input_file_ref idref="fl-e4"/>
      </object_component>
      <object_component id="oc-4c4">
         <name>.text:uDMAUSBChannelIntDisable</name>
         <load_address>0x31fa</load_address>
         <run_address>0x31fa</run_address>
         <size>0x2</size>
         <input_file_ref idref="fl-19"/>
      </object_component>
      <object_component id="oc-33d">
         <name>.text:InternalUSBRegisterTickHandler</name>
         <load_address>0x31fc</load_address>
         <run_address>0x31fc</run_address>
         <size>0x38</size>
         <input_file_ref idref="fl-13"/>
      </object_component>
      <object_component id="oc-1b1">
         <name>.text:InternalUSBStartOfFrameTick</name>
         <load_address>0x3234</load_address>
         <run_address>0x3234</run_address>
         <size>0x38</size>
         <input_file_ref idref="fl-13"/>
      </object_component>
      <object_component id="oc-325">
         <name>.text:USBDCDConfigGetInterfaceEndpoint</name>
         <load_address>0x326c</load_address>
         <run_address>0x326c</run_address>
         <size>0x38</size>
         <input_file_ref idref="fl-1b"/>
      </object_component>
      <object_component id="oc-df">
         <name>.text:USBIntStatusControl</name>
         <load_address>0x32a4</load_address>
         <run_address>0x32a4</run_address>
         <size>0x38</size>
         <input_file_ref idref="fl-e4"/>
      </object_component>
      <object_component id="oc-45f">
         <name>.text:HandleEndpoints</name>
         <load_address>0x32dc</load_address>
         <run_address>0x32dc</run_address>
         <size>0x36</size>
         <input_file_ref idref="fl-1d"/>
      </object_component>
      <object_component id="oc-313">
         <name>.text:USBEndpointDataPut</name>
         <load_address>0x3312</load_address>
         <run_address>0x3312</run_address>
         <size>0x36</size>
         <input_file_ref idref="fl-e4"/>
      </object_component>
      <object_component id="oc-349">
         <name>.text:HIDTickHandler</name>
         <load_address>0x3348</load_address>
         <run_address>0x3348</run_address>
         <size>0x34</size>
         <input_file_ref idref="fl-1d"/>
      </object_component>
      <object_component id="oc-41d">
         <name>.text:NextConfigDescGet</name>
         <load_address>0x337c</load_address>
         <run_address>0x337c</run_address>
         <size>0x34</size>
         <input_file_ref idref="fl-1b"/>
      </object_component>
      <object_component id="oc-364">
         <name>.text:SysCtlPeripheralEnable</name>
         <load_address>0x33b0</load_address>
         <run_address>0x33b0</run_address>
         <size>0x34</size>
         <input_file_ref idref="fl-e"/>
      </object_component>
      <object_component id="oc-96">
         <name>.text:USBDHIDMouseInit</name>
         <load_address>0x33e4</load_address>
         <run_address>0x33e4</run_address>
         <size>0x34</size>
         <input_file_ref idref="fl-16"/>
      </object_component>
      <object_component id="oc-319">
         <name>.text:USBEndpointDataSend</name>
         <load_address>0x3418</load_address>
         <run_address>0x3418</run_address>
         <size>0x34</size>
         <input_file_ref idref="fl-e4"/>
      </object_component>
      <object_component id="oc-69">
         <name>.text:_c_int00_noargs:_c_int00_noargs</name>
         <load_address>0x344c</load_address>
         <run_address>0x344c</run_address>
         <size>0x34</size>
         <input_file_ref idref="fl-d9"/>
      </object_component>
      <object_component id="oc-506">
         <name>.text:iDMAUSBChannelStatus</name>
         <load_address>0x3480</load_address>
         <run_address>0x3480</run_address>
         <size>0x34</size>
         <input_file_ref idref="fl-19"/>
      </object_component>
      <object_component id="oc-232">
         <name>.text:ClearReportTimer</name>
         <load_address>0x34b4</load_address>
         <run_address>0x34b4</run_address>
         <size>0x32</size>
         <input_file_ref idref="fl-1d"/>
      </object_component>
      <object_component id="oc-435">
         <name>.text:HandleConfigChange</name>
         <load_address>0x34e6</load_address>
         <run_address>0x34e6</run_address>
         <size>0x32</size>
         <input_file_ref idref="fl-1d"/>
      </object_component>
      <object_component id="oc-548">
         <name>.text:USBDevEndpointStall</name>
         <load_address>0x3518</load_address>
         <run_address>0x3518</run_address>
         <size>0x32</size>
         <input_file_ref idref="fl-e4"/>
      </object_component>
      <object_component id="oc-530">
         <name>.text:iDMAUSBChannelDisable</name>
         <load_address>0x354a</load_address>
         <run_address>0x354a</run_address>
         <size>0x32</size>
         <input_file_ref idref="fl-19"/>
      </object_component>
      <object_component id="oc-4d6">
         <name>.text:DMAUSBIntHandler</name>
         <load_address>0x357c</load_address>
         <run_address>0x357c</run_address>
         <size>0x30</size>
         <input_file_ref idref="fl-19"/>
      </object_component>
      <object_component id="oc-337">
         <name>.text:InternalUSBTickInit</name>
         <load_address>0x35ac</load_address>
         <run_address>0x35ac</run_address>
         <size>0x30</size>
         <input_file_ref idref="fl-13"/>
      </object_component>
      <object_component id="oc-575">
         <name>.text:USBDGetConfiguration</name>
         <load_address>0x35dc</load_address>
         <run_address>0x35dc</run_address>
         <size>0x30</size>
         <input_file_ref idref="fl-14"/>
      </object_component>
      <object_component id="oc-6d2">
         <name>.text:USBDCDConfigDescGetNum</name>
         <load_address>0x360c</load_address>
         <run_address>0x360c</run_address>
         <size>0x2c</size>
         <input_file_ref idref="fl-1b"/>
      </object_component>
      <object_component id="oc-6e6">
         <name>.text:USBDescGet</name>
         <load_address>0x3638</load_address>
         <run_address>0x3638</run_address>
         <size>0x2c</size>
         <input_file_ref idref="fl-18"/>
      </object_component>
      <object_component id="oc-4dc">
         <name>.text:uDMAUSBIntStatus</name>
         <load_address>0x3664</load_address>
         <run_address>0x3664</run_address>
         <size>0x2c</size>
         <input_file_ref idref="fl-19"/>
      </object_component>
      <object_component id="oc-5c8">
         <name>.text:GetIdleTimeout</name>
         <load_address>0x3690</load_address>
         <run_address>0x3690</run_address>
         <size>0x2a</size>
         <input_file_ref idref="fl-1d"/>
      </object_component>
      <object_component id="oc-6e0">
         <name>.text:USBDescGetNum</name>
         <load_address>0x36ba</load_address>
         <run_address>0x36ba</run_address>
         <size>0x2a</size>
         <input_file_ref idref="fl-18"/>
      </object_component>
      <object_component id="oc-2d0">
         <name>.text:USBDevEndpointDataAck</name>
         <load_address>0x36e4</load_address>
         <run_address>0x36e4</run_address>
         <size>0x2a</size>
         <input_file_ref idref="fl-e4"/>
      </object_component>
      <object_component id="oc-43b">
         <name>.text:HandleEP0DataReceived</name>
         <load_address>0x370e</load_address>
         <run_address>0x370e</run_address>
         <size>0x28</size>
         <input_file_ref idref="fl-1d"/>
      </object_component>
      <object_component id="oc-4be">
         <name>.text:uDMAUSBChannelIntEnable</name>
         <load_address>0x3736</load_address>
         <run_address>0x3736</run_address>
         <size>0x2</size>
         <input_file_ref idref="fl-19"/>
      </object_component>
      <object_component id="oc-563">
         <name>.text:USBDSetAddress</name>
         <load_address>0x3738</load_address>
         <run_address>0x3738</run_address>
         <size>0x28</size>
         <input_file_ref idref="fl-14"/>
      </object_component>
      <object_component id="oc-3ac">
         <name>.text:USBIntEnableControl</name>
         <load_address>0x3760</load_address>
         <run_address>0x3760</run_address>
         <size>0x28</size>
         <input_file_ref idref="fl-e4"/>
      </object_component>
      <object_component id="oc-64c">
         <name>.text:uDMAChannelModeGet</name>
         <load_address>0x3788</load_address>
         <run_address>0x3788</run_address>
         <size>0x28</size>
         <input_file_ref idref="fl-e3"/>
      </object_component>
      <object_component id="oc-149">
         <name>.text:USBDHIDInit</name>
         <load_address>0x37b0</load_address>
         <run_address>0x37b0</run_address>
         <size>0x26</size>
         <input_file_ref idref="fl-1d"/>
      </object_component>
      <object_component id="oc-620">
         <name>.text:USBEndpointDMADisable</name>
         <load_address>0x37d6</load_address>
         <run_address>0x37d6</run_address>
         <size>0x24</size>
         <input_file_ref idref="fl-e4"/>
      </object_component>
      <object_component id="oc-63a">
         <name>.text:USBEndpointDMAEnable</name>
         <load_address>0x37fa</load_address>
         <run_address>0x37fa</run_address>
         <size>0x24</size>
         <input_file_ref idref="fl-e4"/>
      </object_component>
      <object_component id="oc-90">
         <name>.text:USBStackModeSet</name>
         <load_address>0x3820</load_address>
         <run_address>0x3820</run_address>
         <size>0x24</size>
         <input_file_ref idref="fl-12"/>
      </object_component>
      <object_component id="oc-60d">
         <name>.text:uDMAChannelControlSet</name>
         <load_address>0x3844</load_address>
         <run_address>0x3844</run_address>
         <size>0x24</size>
         <input_file_ref idref="fl-e3"/>
      </object_component>
      <object_component id="oc-459">
         <name>.text:HandleDisconnect</name>
         <load_address>0x3868</load_address>
         <run_address>0x3868</run_address>
         <size>0x22</size>
         <input_file_ref idref="fl-1d"/>
      </object_component>
      <object_component id="oc-4d0">
         <name>.text:uDMAUSBChannelStatus</name>
         <load_address>0x388a</load_address>
         <run_address>0x388a</run_address>
         <size>0x22</size>
         <input_file_ref idref="fl-19"/>
      </object_component>
      <object_component id="oc-72d">
         <name>.text:GetEndpointFIFOSize</name>
         <load_address>0x38ac</load_address>
         <run_address>0x38ac</run_address>
         <size>0x20</size>
         <input_file_ref idref="fl-1c"/>
      </object_component>
      <object_component id="oc-441">
         <name>.text:HandleEP0DataSent</name>
         <load_address>0x38cc</load_address>
         <run_address>0x38cc</run_address>
         <size>0x20</size>
         <input_file_ref idref="fl-1d"/>
      </object_component>
      <object_component id="oc-489">
         <name>.text:USBULPIRegRead</name>
         <load_address>0x38ec</load_address>
         <run_address>0x38ec</run_address>
         <size>0x1e</size>
         <input_file_ref idref="fl-e4"/>
      </object_component>
      <object_component id="oc-48f">
         <name>.text:USBULPIRegWrite</name>
         <load_address>0x390a</load_address>
         <run_address>0x390a</run_address>
         <size>0x1e</size>
         <input_file_ref idref="fl-e4"/>
      </object_component>
      <object_component id="oc-270">
         <name>.text:HIDMouseTxHandler</name>
         <load_address>0x3928</load_address>
         <run_address>0x3928</run_address>
         <size>0x1c</size>
         <input_file_ref idref="fl-16"/>
      </object_component>
      <object_component id="oc-417">
         <name>.text:USBDCDConfigGetInterface</name>
         <load_address>0x3944</load_address>
         <run_address>0x3944</run_address>
         <size>0x1c</size>
         <input_file_ref idref="fl-1b"/>
      </object_component>
      <object_component id="oc-3df">
         <name>.text:USBDCDStallEP0</name>
         <load_address>0x3960</load_address>
         <run_address>0x3960</run_address>
         <size>0x1c</size>
         <input_file_ref idref="fl-14"/>
      </object_component>
      <object_component id="oc-475">
         <name>.text:USBEndpointDataAvail</name>
         <load_address>0x397c</load_address>
         <run_address>0x397c</run_address>
         <size>0x1c</size>
         <input_file_ref idref="fl-e4"/>
      </object_component>
      <object_component id="oc-331">
         <name>.text:ClearIdleTimers</name>
         <load_address>0x3998</load_address>
         <run_address>0x3998</run_address>
         <size>0x1a</size>
         <input_file_ref idref="fl-1d"/>
      </object_component>
      <object_component id="oc-3ec">
         <name>.text:USBDCDConfigDescGetSize</name>
         <load_address>0x39b2</load_address>
         <run_address>0x39b2</run_address>
         <size>0x1a</size>
         <input_file_ref idref="fl-1b"/>
      </object_component>
      <object_component id="oc-614">
         <name>.text:USBEndpointDMAChannel</name>
         <load_address>0x39cc</load_address>
         <run_address>0x39cc</run_address>
         <size>0x1a</size>
         <input_file_ref idref="fl-e4"/>
      </object_component>
      <object_component id="oc-5ea">
         <name>.text:SetDeferredOpFlag</name>
         <load_address>0x39e6</load_address>
         <run_address>0x39e6</run_address>
         <size>0x18</size>
         <input_file_ref idref="fl-1d"/>
      </object_component>
      <object_component id="oc-37">
         <name>.text:USB0DeviceIntHandler</name>
         <load_address>0x3a00</load_address>
         <run_address>0x3a00</run_address>
         <size>0x18</size>
         <input_file_ref idref="fl-15"/>
      </object_component>
      <object_component id="oc-56f">
         <name>.text:USBDSetDescriptor</name>
         <load_address>0x3a18</load_address>
         <run_address>0x3a18</run_address>
         <size>0x18</size>
         <input_file_ref idref="fl-14"/>
      </object_component>
      <object_component id="oc-58d">
         <name>.text:USBDSyncFrame</name>
         <load_address>0x3a30</load_address>
         <run_address>0x3a30</run_address>
         <size>0x18</size>
         <input_file_ref idref="fl-14"/>
      </object_component>
      <object_component id="oc-627">
         <name>.text:uDMAChannelDisable</name>
         <load_address>0x3a48</load_address>
         <run_address>0x3a48</run_address>
         <size>0x18</size>
         <input_file_ref idref="fl-e3"/>
      </object_component>
      <object_component id="oc-640">
         <name>.text:uDMAChannelEnable</name>
         <load_address>0x3a60</load_address>
         <run_address>0x3a60</run_address>
         <size>0x18</size>
         <input_file_ref idref="fl-e3"/>
      </object_component>
      <object_component id="oc-3b2">
         <name>.text:USBIntEnableEndpoint</name>
         <load_address>0x3a78</load_address>
         <run_address>0x3a78</run_address>
         <size>0x16</size>
         <input_file_ref idref="fl-e4"/>
      </object_component>
      <object_component id="oc-36a">
         <name>.text:SysCtlUSBPLLEnable</name>
         <load_address>0x3a90</load_address>
         <run_address>0x3a90</run_address>
         <size>0x14</size>
         <input_file_ref idref="fl-e"/>
      </object_component>
      <object_component id="oc-5c2">
         <name>.text:USBDCDRequestDataEP0</name>
         <load_address>0x3aa4</load_address>
         <run_address>0x3aa4</run_address>
         <size>0x14</size>
         <input_file_ref idref="fl-14"/>
      </object_component>
      <object_component id="oc-5bb">
         <name>.text:USBDCDSendDataEP0</name>
         <load_address>0x3ab8</load_address>
         <run_address>0x3ab8</run_address>
         <size>0x14</size>
         <input_file_ref idref="fl-14"/>
      </object_component>
      <object_component id="oc-69f">
         <name>.text:USBDMAChannelConfigSet</name>
         <load_address>0x3acc</load_address>
         <run_address>0x3acc</run_address>
         <size>0x14</size>
         <input_file_ref idref="fl-e4"/>
      </object_component>
      <object_component id="oc-2a9">
         <name>.text:USBHostResume</name>
         <load_address>0x3ae0</load_address>
         <run_address>0x3ae0</run_address>
         <size>0x14</size>
         <input_file_ref idref="fl-e4"/>
      </object_component>
      <object_component id="oc-750">
         <name>.text:_USBIndexWrite</name>
         <load_address>0x3af4</load_address>
         <run_address>0x3af4</run_address>
         <size>0x14</size>
         <input_file_ref idref="fl-e4"/>
      </object_component>
      <object_component id="oc-453">
         <name>.text:HandleResume</name>
         <load_address>0x3b08</load_address>
         <run_address>0x3b08</run_address>
         <size>0x12</size>
         <input_file_ref idref="fl-1d"/>
      </object_component>
      <object_component id="oc-44d">
         <name>.text:HandleSuspend</name>
         <load_address>0x3b1a</load_address>
         <run_address>0x3b1a</run_address>
         <size>0x12</size>
         <input_file_ref idref="fl-1d"/>
      </object_component>
      <object_component id="oc-670">
         <name>.text:USBDMAChannelDisable</name>
         <load_address>0x3b2c</load_address>
         <run_address>0x3b2c</run_address>
         <size>0x12</size>
         <input_file_ref idref="fl-e4"/>
      </object_component>
      <object_component id="oc-6a5">
         <name>.text:USBDMAChannelEnable</name>
         <load_address>0x3b3e</load_address>
         <run_address>0x3b3e</run_address>
         <size>0x12</size>
         <input_file_ref idref="fl-e4"/>
      </object_component>
      <object_component id="oc-68c">
         <name>.text:USBDMAChannelIntDisable</name>
         <load_address>0x3b50</load_address>
         <run_address>0x3b50</run_address>
         <size>0x12</size>
         <input_file_ref idref="fl-e4"/>
      </object_component>
      <object_component id="oc-685">
         <name>.text:USBDMAChannelIntEnable</name>
         <load_address>0x3b62</load_address>
         <run_address>0x3b62</run_address>
         <size>0x12</size>
         <input_file_ref idref="fl-e4"/>
      </object_component>
      <object_component id="oc-2b8">
         <name>.text:USBEndpointStatus</name>
         <load_address>0x3b74</load_address>
         <run_address>0x3b74</run_address>
         <size>0x10</size>
         <input_file_ref idref="fl-e4"/>
      </object_component>
      <object_component id="oc-4e2">
         <name>.text:DMAUSBIntStatusClear</name>
         <load_address>0x3b84</load_address>
         <run_address>0x3b84</run_address>
         <size>0xe</size>
         <input_file_ref idref="fl-19"/>
      </object_component>
      <object_component id="oc-9c">
         <name>.text:USBDHIDMouseRemoteWakeupRequest</name>
         <load_address>0x3b92</load_address>
         <run_address>0x3b92</run_address>
         <size>0xe</size>
         <input_file_ref idref="fl-16"/>
      </object_component>
      <object_component id="oc-122">
         <name>.text:USBDHIDTxPacketAvailable</name>
         <load_address>0x3ba0</load_address>
         <run_address>0x3ba0</run_address>
         <size>0xe</size>
         <input_file_ref idref="fl-1d"/>
      </object_component>
      <object_component id="oc-677">
         <name>.text:USBDMAChannelStatus</name>
         <load_address>0x3bae</load_address>
         <run_address>0x3bae</run_address>
         <size>0xe</size>
         <input_file_ref idref="fl-e4"/>
      </object_component>
      <object_component id="oc-394">
         <name>.text:USBDevLPMDisable</name>
         <load_address>0x3bbc</load_address>
         <run_address>0x3bbc</run_address>
         <size>0xe</size>
         <input_file_ref idref="fl-e4"/>
      </object_component>
      <object_component id="oc-1bd">
         <name>.text:USBDevLPMEnable</name>
         <load_address>0x3bca</load_address>
         <run_address>0x3bca</run_address>
         <size>0xe</size>
         <input_file_ref idref="fl-e4"/>
      </object_component>
      <object_component id="oc-382">
         <name>.text:USBULPIDisable</name>
         <load_address>0x3bd8</load_address>
         <run_address>0x3bd8</run_address>
         <size>0xe</size>
         <input_file_ref idref="fl-e4"/>
      </object_component>
      <object_component id="oc-376">
         <name>.text:USBULPIEnable</name>
         <load_address>0x3be6</load_address>
         <run_address>0x3be6</run_address>
         <size>0xe</size>
         <input_file_ref idref="fl-e4"/>
      </object_component>
      <object_component id="oc-19">
         <name>.text:decompress:none:__TI_decompress_none</name>
         <load_address>0x3bf4</load_address>
         <run_address>0x3bf4</run_address>
         <size>0xe</size>
         <input_file_ref idref="fl-d7"/>
      </object_component>
      <object_component id="oc-661">
         <name>.text:USBEndpointPacketCountSet</name>
         <load_address>0x3c02</load_address>
         <run_address>0x3c02</run_address>
         <size>0xc</size>
         <input_file_ref idref="fl-e4"/>
      </object_component>
      <object_component id="oc-3a0">
         <name>.text:USBLPMIntEnable</name>
         <load_address>0x3c0e</load_address>
         <run_address>0x3c0e</run_address>
         <size>0xc</size>
         <input_file_ref idref="fl-e4"/>
      </object_component>
      <object_component id="oc-5d">
         <name>.text:decompress:ZI:__TI_zero_init</name>
         <load_address>0x3c1a</load_address>
         <run_address>0x3c1a</run_address>
         <size>0xc</size>
         <input_file_ref idref="fl-d6"/>
      </object_component>
      <object_component id="oc-25">
         <name>.text</name>
         <load_address>0x3c26</load_address>
         <run_address>0x3c26</run_address>
         <size>0xc</size>
         <input_file_ref idref="fl-2"/>
      </object_component>
      <object_component id="oc-370">
         <name>.text:USBClockEnable</name>
         <load_address>0x3c32</load_address>
         <run_address>0x3c32</run_address>
         <size>0xa</size>
         <input_file_ref idref="fl-e4"/>
      </object_component>
      <object_component id="oc-49d">
         <name>.text:USBControllerVersion</name>
         <load_address>0x3c3c</load_address>
         <run_address>0x3c3c</run_address>
         <size>0xa</size>
         <input_file_ref idref="fl-e4"/>
      </object_component>
      <object_component id="oc-693">
         <name>.text:USBDMAChannelAddressSet</name>
         <load_address>0x3c46</load_address>
         <run_address>0x3c46</run_address>
         <size>0xa</size>
         <input_file_ref idref="fl-e4"/>
      </object_component>
      <object_component id="oc-699">
         <name>.text:USBDMAChannelCountSet</name>
         <load_address>0x3c50</load_address>
         <run_address>0x3c50</run_address>
         <size>0xa</size>
         <input_file_ref idref="fl-e4"/>
      </object_component>
      <object_component id="oc-3b8">
         <name>.text:USBDevConnect</name>
         <load_address>0x3c5a</load_address>
         <run_address>0x3c5a</run_address>
         <size>0xa</size>
         <input_file_ref idref="fl-e4"/>
      </object_component>
      <object_component id="oc-1cf">
         <name>.text:USBDevDisconnect</name>
         <load_address>0x3c64</load_address>
         <run_address>0x3c64</run_address>
         <size>0xa</size>
         <input_file_ref idref="fl-e4"/>
      </object_component>
      <object_component id="oc-1c3">
         <name>.text:USBIntStatusEndpoint</name>
         <load_address>0x3c6e</load_address>
         <run_address>0x3c6e</run_address>
         <size>0xa</size>
         <input_file_ref idref="fl-e4"/>
      </object_component>
      <object_component id="oc-38e">
         <name>.text:USBDevMode</name>
         <load_address>0x3c78</load_address>
         <run_address>0x3c78</run_address>
         <size>0x8</size>
         <input_file_ref idref="fl-e4"/>
      </object_component>
      <object_component id="oc-655">
         <name>.text:USBFIFOAddrGet</name>
         <load_address>0x3c80</load_address>
         <run_address>0x3c80</run_address>
         <size>0x8</size>
         <input_file_ref idref="fl-e4"/>
      </object_component>
      <object_component id="oc-388">
         <name>.text:USBOTGMode</name>
         <load_address>0x3c88</load_address>
         <run_address>0x3c88</run_address>
         <size>0x8</size>
         <input_file_ref idref="fl-e4"/>
      </object_component>
      <object_component id="oc-518">
         <name>.text:iDMAUSBChannelIntDisable</name>
         <load_address>0x3c90</load_address>
         <run_address>0x3c90</run_address>
         <size>0x8</size>
         <input_file_ref idref="fl-19"/>
      </object_component>
      <object_component id="oc-512">
         <name>.text:iDMAUSBChannelIntEnable</name>
         <load_address>0x3c98</load_address>
         <run_address>0x3c98</run_address>
         <size>0x8</size>
         <input_file_ref idref="fl-19"/>
      </object_component>
      <object_component id="oc-7e">
         <name>.text:UARTClockSourceSet</name>
         <load_address>0x3ca0</load_address>
         <run_address>0x3ca0</run_address>
         <size>0x6</size>
         <input_file_ref idref="fl-f"/>
      </object_component>
      <object_component id="oc-153">
         <name>.text:USBDHIDRemoteWakeupRequest</name>
         <load_address>0x3ca6</load_address>
         <run_address>0x3ca6</run_address>
         <size>0x6</size>
         <input_file_ref idref="fl-1d"/>
      </object_component>
      <object_component id="oc-67e">
         <name>.text:USBDMAChannelIntStatus</name>
         <load_address>0x3cac</load_address>
         <run_address>0x3cac</run_address>
         <size>0x6</size>
         <input_file_ref idref="fl-e4"/>
      </object_component>
      <object_component id="oc-39a">
         <name>.text:USBDevLPMConfig</name>
         <load_address>0x3cb2</load_address>
         <run_address>0x3cb2</run_address>
         <size>0x6</size>
         <input_file_ref idref="fl-e4"/>
      </object_component>
      <object_component id="oc-1b7">
         <name>.text:USBLPMIntStatus</name>
         <load_address>0x3cb8</load_address>
         <run_address>0x3cb8</run_address>
         <size>0x6</size>
         <input_file_ref idref="fl-e4"/>
      </object_component>
      <object_component id="oc-50c">
         <name>.text:iDMAUSBIntStatus</name>
         <load_address>0x3cbe</load_address>
         <run_address>0x3cbe</run_address>
         <size>0x6</size>
         <input_file_ref idref="fl-19"/>
      </object_component>
      <object_component id="oc-4e8">
         <name>.text:DMAUSBStatus</name>
         <load_address>0x3cc4</load_address>
         <run_address>0x3cc4</run_address>
         <size>0x4</size>
         <input_file_ref idref="fl-19"/>
      </object_component>
      <object_component id="oc-447">
         <name>.text:HandleReset</name>
         <load_address>0x3cc8</load_address>
         <run_address>0x3cc8</run_address>
         <size>0x4</size>
         <input_file_ref idref="fl-1d"/>
      </object_component>
      <object_component id="oc-2c4">
         <name>.text:USBDevAddrSet</name>
         <load_address>0x3ccc</load_address>
         <run_address>0x3ccc</run_address>
         <size>0x4</size>
         <input_file_ref idref="fl-e4"/>
      </object_component>
      <object_component id="oc-10e">
         <name>.text:_system_pre_init</name>
         <load_address>0x3cd0</load_address>
         <run_address>0x3cd0</run_address>
         <size>0x4</size>
         <input_file_ref idref="fl-de"/>
      </object_component>
      <object_component id="oc-1f0">
         <name>.text:abort:abort</name>
         <load_address>0x3cd4</load_address>
         <run_address>0x3cd4</run_address>
         <size>0x4</size>
         <input_file_ref idref="fl-e0"/>
      </object_component>
      <object_component id="oc-3e8">
         <name>.const:g_psUSBDStdRequests</name>
         <load_address>0x3cd8</load_address>
         <run_address>0x3cd8</run_address>
         <size>0x34</size>
         <input_file_ref idref="fl-14"/>
      </object_component>
      <object_component id="oc-354">
         <name>.const:.string:g_pui8MouseReportDescriptor</name>
         <load_address>0x3d0c</load_address>
         <run_address>0x3d0c</run_address>
         <size>0x32</size>
         <input_file_ref idref="fl-16"/>
      </object_component>
      <object_component id="oc-29f">
         <name>.const:.string:g_pui8ConfigString</name>
         <load_address>0x3d3e</load_address>
         <run_address>0x3d3e</run_address>
         <size>0x30</size>
         <input_file_ref idref="fl-4"/>
      </object_component>
      <object_component id="oc-343">
         <name>.const:g_sHIDHandlers</name>
         <load_address>0x3d70</load_address>
         <run_address>0x3d70</run_address>
         <size>0x30</size>
         <input_file_ref idref="fl-1d"/>
      </object_component>
      <object_component id="oc-29c">
         <name>.const:.string:g_pui8HIDInterfaceString</name>
         <load_address>0x3da0</load_address>
         <run_address>0x3da0</run_address>
         <size>0x28</size>
         <input_file_ref idref="fl-4"/>
      </object_component>
      <object_component id="oc-296">
         <name>.const:.string:g_pui8ProductString</name>
         <load_address>0x3dc8</load_address>
         <run_address>0x3dc8</run_address>
         <size>0x26</size>
         <input_file_ref idref="fl-4"/>
      </object_component>
      <object_component id="oc-293">
         <name>.const:.string:g_pui8ManufacturerString</name>
         <load_address>0x3dee</load_address>
         <run_address>0x3dee</run_address>
         <size>0x24</size>
         <input_file_ref idref="fl-4"/>
      </object_component>
      <object_component id="oc-180">
         <name>.const:g_ppui8StringDescriptors</name>
         <load_address>0x3e14</load_address>
         <run_address>0x3e14</run_address>
         <size>0x18</size>
         <input_file_ref idref="fl-4"/>
      </object_component>
      <object_component id="oc-70b">
         <name>.const:g_pui32Dii16Regs</name>
         <load_address>0x3e2c</load_address>
         <run_address>0x3e2c</run_address>
         <size>0x14</size>
         <input_file_ref idref="fl-11"/>
      </object_component>
      <object_component id="oc-541">
         <name>.const:g_pui32EnRegs</name>
         <load_address>0x3e40</load_address>
         <run_address>0x3e40</run_address>
         <size>0x14</size>
         <input_file_ref idref="fl-11"/>
      </object_component>
      <object_component id="oc-299">
         <name>.const:.string:g_pui8SeriailNumberString</name>
         <load_address>0x3e54</load_address>
         <run_address>0x3e54</run_address>
         <size>0x12</size>
         <input_file_ref idref="fl-4"/>
      </object_component>
      <object_component id="oc-19e">
         <name>.const:.string</name>
         <load_address>0x3e68</load_address>
         <run_address>0x3e68</run_address>
         <size>0x12</size>
         <input_file_ref idref="fl-7"/>
      </object_component>
      <object_component id="oc-ca">
         <name>.const:g_ui32UARTBase</name>
         <load_address>0x3e7c</load_address>
         <run_address>0x3e7c</run_address>
         <size>0xc</size>
         <input_file_ref idref="fl-7"/>
      </object_component>
      <object_component id="oc-be">
         <name>.const:g_ui32UARTInt</name>
         <load_address>0x3e88</load_address>
         <run_address>0x3e88</run_address>
         <size>0xc</size>
         <input_file_ref idref="fl-7"/>
      </object_component>
      <object_component id="oc-c7">
         <name>.const:g_ui32UARTPeriph</name>
         <load_address>0x3e94</load_address>
         <run_address>0x3e94</run_address>
         <size>0xc</size>
         <input_file_ref idref="fl-7"/>
      </object_component>
      <object_component id="oc-276">
         <name>.const:g_sMouseHIDDescriptor</name>
         <load_address>0x3ea0</load_address>
         <run_address>0x3ea0</run_address>
         <size>0x9</size>
         <input_file_ref idref="fl-16"/>
      </object_component>
      <object_component id="oc-5f2">
         <name>.const:g_sHIDConfigSection</name>
         <load_address>0x3eac</load_address>
         <run_address>0x3eac</run_address>
         <size>0x8</size>
         <input_file_ref idref="fl-16"/>
      </object_component>
      <object_component id="oc-5fb">
         <name>.const:g_sHIDInEndpointSection</name>
         <load_address>0x3eb4</load_address>
         <run_address>0x3eb4</run_address>
         <size>0x8</size>
         <input_file_ref idref="fl-16"/>
      </object_component>
      <object_component id="oc-5f5">
         <name>.const:g_sHIDInterfaceSection</name>
         <load_address>0x3ebc</load_address>
         <run_address>0x3ebc</run_address>
         <size>0x8</size>
         <input_file_ref idref="fl-16"/>
      </object_component>
      <object_component id="oc-6ff">
         <name>.const:.string:g_pui8HIDInEndpoint</name>
         <load_address>0x3ec4</load_address>
         <run_address>0x3ec4</run_address>
         <size>0x7</size>
         <input_file_ref idref="fl-16"/>
      </object_component>
      <object_component id="oc-290">
         <name>.const:.string:g_pui8LangDescriptor</name>
         <load_address>0x3ecb</load_address>
         <run_address>0x3ecb</run_address>
         <size>0x4</size>
         <input_file_ref idref="fl-4"/>
      </object_component>
      <object_component id="oc-27c">
         <name>.const:g_ppsHIDConfigDescriptors</name>
         <load_address>0x3ed0</load_address>
         <run_address>0x3ed0</run_address>
         <size>0x4</size>
         <input_file_ref idref="fl-16"/>
      </object_component>
      <object_component id="oc-279">
         <name>.const:g_pui8MouseClassDescriptors</name>
         <load_address>0x3ed4</load_address>
         <run_address>0x3ed4</run_address>
         <size>0x4</size>
         <input_file_ref idref="fl-16"/>
      </object_component>
      <object_component id="oc-d5">
         <name>.const</name>
         <load_address>0x3ed8</load_address>
         <run_address>0x3ed8</run_address>
         <size>0x4</size>
         <input_file_ref idref="fl-7"/>
      </object_component>
      <object_component id="oc-78e">
         <name>.cinit..data.load</name>
         <load_address>0x3ee0</load_address>
         <run_address>0x3ee0</run_address>
         <size>0x72</size>
      </object_component>
      <object_component id="oc-78c">
         <name>__TI_handler_table</name>
         <load_address>0x3f54</load_address>
         <run_address>0x3f54</run_address>
         <size>0xc</size>
      </object_component>
      <object_component id="oc-78f">
         <name>.cinit..bss.load</name>
         <load_address>0x3f60</load_address>
         <run_address>0x3f60</run_address>
         <size>0x8</size>
      </object_component>
      <object_component id="oc-78d">
         <name>__TI_cinit_table</name>
         <load_address>0x3f68</load_address>
         <run_address>0x3f68</run_address>
         <size>0x10</size>
      </object_component>
      <object_component id="oc-a2">
         <name>.data</name>
         <load_address>0x20000b78</load_address>
         <run_address>0x20000b78</run_address>
         <size>0x3</size>
         <input_file_ref idref="fl-3"/>
      </object_component>
      <object_component id="oc-a8">
         <name>.data:g_sMouseDevice</name>
         <load_address>0x20000a68</load_address>
         <run_address>0x20000a68</run_address>
         <size>0x94</size>
         <input_file_ref idref="fl-4"/>
      </object_component>
      <object_component id="oc-130">
         <name>.data</name>
         <load_address>0x20000b5d</load_address>
         <run_address>0x20000b5d</run_address>
         <size>0x3</size>
         <input_file_ref idref="fl-5"/>
      </object_component>
      <object_component id="oc-bb">
         <name>.data</name>
         <load_address>0x20000afc</load_address>
         <run_address>0x20000afc</run_address>
         <size>0x15</size>
         <input_file_ref idref="fl-7"/>
      </object_component>
      <object_component id="oc-135">
         <name>.data</name>
         <load_address>0x20000b54</load_address>
         <run_address>0x20000b54</run_address>
         <size>0x9</size>
         <input_file_ref idref="fl-12"/>
      </object_component>
      <object_component id="oc-1d9">
         <name>.data</name>
         <load_address>0x20000b34</load_address>
         <run_address>0x20000b34</run_address>
         <size>0xc</size>
         <input_file_ref idref="fl-13"/>
      </object_component>
      <object_component id="oc-1dc">
         <name>.data</name>
         <load_address>0x20000b70</load_address>
         <run_address>0x20000b70</run_address>
         <size>0x8</size>
         <input_file_ref idref="fl-14"/>
      </object_component>
      <object_component id="oc-14f">
         <name>.data:g_pui8MouseDescriptor</name>
         <load_address>0x20000b49</load_address>
         <run_address>0x20000b49</run_address>
         <size>0x9</size>
         <input_file_ref idref="fl-16"/>
      </object_component>
      <object_component id="oc-6f8">
         <name>.data:g_pui8HIDInterface</name>
         <load_address>0x20000b40</load_address>
         <run_address>0x20000b40</run_address>
         <size>0x9</size>
         <input_file_ref idref="fl-16"/>
      </object_component>
      <object_component id="oc-5f8">
         <name>.data:g_sHIDDescriptorSection</name>
         <load_address>0x20000b68</load_address>
         <run_address>0x20000b68</run_address>
         <size>0x8</size>
         <input_file_ref idref="fl-16"/>
      </object_component>
      <object_component id="oc-47e">
         <name>.data:g_psHIDSections</name>
         <load_address>0x20000b24</load_address>
         <run_address>0x20000b24</run_address>
         <size>0x10</size>
         <input_file_ref idref="fl-16"/>
      </object_component>
      <object_component id="oc-359">
         <name>.data:g_sHIDConfigHeader</name>
         <load_address>0x20000b60</load_address>
         <run_address>0x20000b60</run_address>
         <size>0x8</size>
         <input_file_ref idref="fl-16"/>
      </object_component>
      <object_component id="oc-346">
         <name>.data:g_pui8HIDDeviceDescriptor</name>
         <load_address>0x20000b11</load_address>
         <run_address>0x20000b11</run_address>
         <size>0x12</size>
         <input_file_ref idref="fl-1d"/>
      </object_component>
      <object_component id="oc-c1">
         <name>.bss</name>
         <uninitialized>true</uninitialized>
         <run_address>0x20000650</run_address>
         <size>0x8</size>
         <input_file_ref idref="fl-7"/>
      </object_component>
      <object_component id="oc-c4">
         <name>.bss:g_pcUARTTxBuffer</name>
         <uninitialized>true</uninitialized>
         <run_address>0x20000000</run_address>
         <size>0x400</size>
         <input_file_ref idref="fl-7"/>
      </object_component>
      <object_component id="oc-cd">
         <name>.bss:g_pcUARTRxBuffer</name>
         <uninitialized>true</uninitialized>
         <run_address>0x20000510</run_address>
         <size>0x80</size>
         <input_file_ref idref="fl-7"/>
      </object_component>
      <object_component id="oc-138">
         <name>.bss</name>
         <uninitialized>true</uninitialized>
         <run_address>0x2000065c</run_address>
         <size>0x4</size>
         <input_file_ref idref="fl-12"/>
      </object_component>
      <object_component id="oc-3e5">
         <name>.bss:g_pui8DataBufferIn</name>
         <uninitialized>true</uninitialized>
         <run_address>0x200005e0</run_address>
         <size>0x40</size>
         <input_file_ref idref="fl-14"/>
      </object_component>
      <object_component id="oc-3c4">
         <name>.bss</name>
         <uninitialized>true</uninitialized>
         <run_address>0x20000658</run_address>
         <size>0x4</size>
         <input_file_ref idref="fl-14"/>
      </object_component>
      <object_component id="oc-4a3">
         <name>.bss:g_psUSBDMAInst</name>
         <uninitialized>true</uninitialized>
         <run_address>0x20000400</run_address>
         <size>0x110</size>
         <input_file_ref idref="fl-19"/>
      </object_component>
      <object_component id="oc-a5">
         <name>.common:g_ui32SysTickCount</name>
         <uninitialized>true</uninitialized>
         <run_address>0x20000664</run_address>
         <size>0x4</size>
      </object_component>
      <object_component id="oc-2b0">
         <name>.common:g_pfnTickHandlers</name>
         <uninitialized>true</uninitialized>
         <run_address>0x20000620</run_address>
         <size>0x18</size>
      </object_component>
      <object_component id="oc-2b3">
         <name>.common:g_pvTickInstance</name>
         <uninitialized>true</uninitialized>
         <run_address>0x20000638</run_address>
         <size>0x18</size>
      </object_component>
      <object_component id="oc-1d8">
         <name>.common:g_psDCDInst</name>
         <uninitialized>true</uninitialized>
         <run_address>0x20000590</run_address>
         <size>0x50</size>
      </object_component>
      <object_component id="oc-1d5">
         <name>.common:g_ppsDevInfo</name>
         <uninitialized>true</uninitialized>
         <run_address>0x20000660</run_address>
         <size>0x4</size>
      </object_component>
      <object_component id="oc-22">
         <name>.stack</name>
         <uninitialized>true</uninitialized>
         <run_address>0x20000668</run_address>
         <size>0x4</size>
         <input_file_ref idref="fl-d9"/>
      </object_component>
      <object_component id="oc-790">
         <name>.stack</name>
         <uninitialized>true</uninitialized>
         <run_address>0x20000668</run_address>
         <size>0x0</size>
      </object_component>
      <object_component id="oc-3f">
         <name>.debug_info</name>
         <load_address>0x0</load_address>
         <run_address>0x0</run_address>
         <size>0x338</size>
         <input_file_ref idref="fl-2"/>
      </object_component>
      <object_component id="oc-11">
         <name>.debug_info</name>
         <load_address>0x338</load_address>
         <run_address>0x338</run_address>
         <size>0xef</size>
         <input_file_ref idref="fl-2"/>
      </object_component>
      <object_component id="oc-29">
         <name>.debug_info</name>
         <load_address>0x427</load_address>
         <run_address>0x427</run_address>
         <size>0x26b</size>
         <input_file_ref idref="fl-2"/>
      </object_component>
      <object_component id="oc-ee">
         <name>.debug_info</name>
         <load_address>0x692</load_address>
         <run_address>0x692</run_address>
         <size>0x26b</size>
         <input_file_ref idref="fl-2"/>
      </object_component>
      <object_component id="oc-46">
         <name>.debug_info</name>
         <load_address>0x8fd</load_address>
         <run_address>0x8fd</run_address>
         <size>0x84</size>
         <input_file_ref idref="fl-2"/>
      </object_component>
      <object_component id="oc-185">
         <name>.debug_info</name>
         <load_address>0x981</load_address>
         <run_address>0x981</run_address>
         <size>0x297</size>
         <input_file_ref idref="fl-2"/>
      </object_component>
      <object_component id="oc-b6">
         <name>.debug_info</name>
         <load_address>0xc18</load_address>
         <run_address>0xc18</run_address>
         <size>0xef</size>
         <input_file_ref idref="fl-2"/>
      </object_component>
      <object_component id="oc-ac">
         <name>.debug_info</name>
         <load_address>0xd07</load_address>
         <run_address>0xd07</run_address>
         <size>0xbb</size>
         <input_file_ref idref="fl-2"/>
      </object_component>
      <object_component id="oc-a6">
         <name>.debug_info</name>
         <load_address>0xdc2</load_address>
         <run_address>0xdc2</run_address>
         <size>0x6f5</size>
         <input_file_ref idref="fl-3"/>
      </object_component>
      <object_component id="oc-a3">
         <name>.debug_info</name>
         <load_address>0x14b7</load_address>
         <run_address>0x14b7</run_address>
         <size>0x138</size>
         <input_file_ref idref="fl-3"/>
      </object_component>
      <object_component id="oc-2d">
         <name>.debug_info</name>
         <load_address>0x15ef</load_address>
         <run_address>0x15ef</run_address>
         <size>0x79f</size>
         <input_file_ref idref="fl-3"/>
      </object_component>
      <object_component id="oc-15e">
         <name>.debug_info</name>
         <load_address>0x1d8e</load_address>
         <run_address>0x1d8e</run_address>
         <size>0x3d4</size>
         <input_file_ref idref="fl-3"/>
      </object_component>
      <object_component id="oc-163">
         <name>.debug_info</name>
         <load_address>0x2162</load_address>
         <run_address>0x2162</run_address>
         <size>0x1b4</size>
         <input_file_ref idref="fl-3"/>
      </object_component>
      <object_component id="oc-168">
         <name>.debug_info</name>
         <load_address>0x2316</load_address>
         <run_address>0x2316</run_address>
         <size>0x234</size>
         <input_file_ref idref="fl-3"/>
      </object_component>
      <object_component id="oc-176">
         <name>.debug_info</name>
         <load_address>0x254a</load_address>
         <run_address>0x254a</run_address>
         <size>0xa85</size>
         <input_file_ref idref="fl-3"/>
      </object_component>
      <object_component id="oc-16d">
         <name>.debug_info</name>
         <load_address>0x2fcf</load_address>
         <run_address>0x2fcf</run_address>
         <size>0x44</size>
         <input_file_ref idref="fl-3"/>
      </object_component>
      <object_component id="oc-171">
         <name>.debug_info</name>
         <load_address>0x3013</load_address>
         <run_address>0x3013</run_address>
         <size>0x153</size>
         <input_file_ref idref="fl-3"/>
      </object_component>
      <object_component id="oc-246">
         <name>.debug_info</name>
         <load_address>0x3166</load_address>
         <run_address>0x3166</run_address>
         <size>0xe4</size>
         <input_file_ref idref="fl-3"/>
      </object_component>
      <object_component id="oc-b1">
         <name>.debug_info</name>
         <load_address>0x324a</load_address>
         <run_address>0x324a</run_address>
         <size>0x8b</size>
         <input_file_ref idref="fl-3"/>
      </object_component>
      <object_component id="oc-da">
         <name>.debug_info</name>
         <load_address>0x32d5</load_address>
         <run_address>0x32d5</run_address>
         <size>0x2c</size>
         <input_file_ref idref="fl-3"/>
      </object_component>
      <object_component id="oc-17b">
         <name>.debug_info</name>
         <load_address>0x3301</load_address>
         <run_address>0x3301</run_address>
         <size>0x35</size>
         <input_file_ref idref="fl-3"/>
      </object_component>
      <object_component id="oc-2a4">
         <name>.debug_info</name>
         <load_address>0x3336</load_address>
         <run_address>0x3336</run_address>
         <size>0x36c</size>
         <input_file_ref idref="fl-4"/>
      </object_component>
      <object_component id="oc-291">
         <name>.debug_info</name>
         <load_address>0x36a2</load_address>
         <run_address>0x36a2</run_address>
         <size>0xf8</size>
         <input_file_ref idref="fl-4"/>
      </object_component>
      <object_component id="oc-294">
         <name>.debug_info</name>
         <load_address>0x379a</load_address>
         <run_address>0x379a</run_address>
         <size>0x100</size>
         <input_file_ref idref="fl-4"/>
      </object_component>
      <object_component id="oc-297">
         <name>.debug_info</name>
         <load_address>0x389a</load_address>
         <run_address>0x389a</run_address>
         <size>0xf6</size>
         <input_file_ref idref="fl-4"/>
      </object_component>
      <object_component id="oc-29a">
         <name>.debug_info</name>
         <load_address>0x3990</load_address>
         <run_address>0x3990</run_address>
         <size>0x102</size>
         <input_file_ref idref="fl-4"/>
      </object_component>
      <object_component id="oc-29d">
         <name>.debug_info</name>
         <load_address>0x3a92</load_address>
         <run_address>0x3a92</run_address>
         <size>0x100</size>
         <input_file_ref idref="fl-4"/>
      </object_component>
      <object_component id="oc-2a0">
         <name>.debug_info</name>
         <load_address>0x3b92</load_address>
         <run_address>0x3b92</run_address>
         <size>0xf4</size>
         <input_file_ref idref="fl-4"/>
      </object_component>
      <object_component id="oc-181">
         <name>.debug_info</name>
         <load_address>0x3c86</load_address>
         <run_address>0x3c86</run_address>
         <size>0x100</size>
         <input_file_ref idref="fl-4"/>
      </object_component>
      <object_component id="oc-a9">
         <name>.debug_info</name>
         <load_address>0x3d86</load_address>
         <run_address>0x3d86</run_address>
         <size>0xec</size>
         <input_file_ref idref="fl-4"/>
      </object_component>
      <object_component id="oc-134">
         <name>.debug_info</name>
         <load_address>0x3e72</load_address>
         <run_address>0x3e72</run_address>
         <size>0x26f</size>
         <input_file_ref idref="fl-5"/>
      </object_component>
      <object_component id="oc-131">
         <name>.debug_info</name>
         <load_address>0x40e1</load_address>
         <run_address>0x40e1</run_address>
         <size>0xef</size>
         <input_file_ref idref="fl-5"/>
      </object_component>
      <object_component id="oc-8d">
         <name>.debug_info</name>
         <load_address>0x41d0</load_address>
         <run_address>0x41d0</run_address>
[...]
      </symbol>
      <symbol id="sm-4e7">
         <name>USBDCDSendDataEP0</name>
         <value>0x3ab9</value>
         <object_component_ref idref="oc-5bb"/>
      </symbol>
      <symbol id="sm-4e8">
         <name>USBDCDStallEP0</name>
         <value>0x3961</value>
         <object_component_ref idref="oc-3df"/>
      </symbol>
      <symbol id="sm-4e9">
         <name>USBDCDRequestDataEP0</name>
         <value>0x3aa5</value>
         <object_component_ref idref="oc-5c2"/>
      </symbol>
      <symbol id="sm-4ea">
         <name>USBDeviceEnumHandler</name>
         <value>0x1b2d</value>
         <object_component_ref idref="oc-1c9"/>
      </symbol>
      <symbol id="sm-4eb">
         <name>USBDCDInit</name>
         <value>0x1101</value>
         <object_component_ref idref="oc-280"/>
      </symbol>
      <symbol id="sm-4ec">
         <name>USBDeviceEnumResetHandler</name>
         <value>0x2f29</value>
         <object_component_ref idref="oc-1a5"/>
      </symbol>
      <symbol id="sm-4ed">
         <name>USBDCDDeviceInfoInit</name>
         <value>0x2ee1</value>
         <object_component_ref idref="oc-32b"/>
      </symbol>
      <symbol id="sm-4ee">
         <name>USBDeviceIntHandlerInternal</name>
         <value>0x13a1</value>
         <object_component_ref idref="oc-e5"/>
      </symbol>
      <symbol id="sm-4ef">
         <name>USBDCDRemoteWakeupRequest</name>
         <value>0x3149</value>
         <object_component_ref idref="oc-289"/>
      </symbol>
      <symbol id="sm-4f0">
         <name>USBDeviceResumeTickHandler</name>
         <value>0x2bf1</value>
         <object_component_ref idref="oc-1ab"/>
      </symbol>
      <symbol id="sm-4fc">
         <name>USB0DeviceIntHandler</name>
         <value>0x3a01</value>
         <object_component_ref idref="oc-37"/>
      </symbol>
      <symbol id="sm-598">
         <name>USBDHIDMouseInit</name>
         <value>0x33e5</value>
         <object_component_ref idref="oc-96"/>
      </symbol>
      <symbol id="sm-599">
         <name>g_pui8HIDInEndpoint</name>
         <value>0x3ec4</value>
         <object_component_ref idref="oc-6ff"/>
      </symbol>
      <symbol id="sm-59a">
         <name>USBDHIDMouseRemoteWakeupRequest</name>
         <value>0x3b93</value>
         <object_component_ref idref="oc-9c"/>
      </symbol>
      <symbol id="sm-59b">
         <name>g_pui8HIDInterface</name>
         <value>0x20000b40</value>
         <object_component_ref idref="oc-6f8"/>
      </symbol>
      <symbol id="sm-59c">
         <name>USBDHIDMouseCompositeInit</name>
         <value>0x2069</value>
         <object_component_ref idref="oc-143"/>
      </symbol>
      <symbol id="sm-59d">
         <name>g_sHIDConfigSection</name>
         <value>0x3eac</value>
         <object_component_ref idref="oc-5f2"/>
      </symbol>
      <symbol id="sm-59e">
         <name>g_sHIDInEndpointSection</name>
         <value>0x3eb4</value>
         <object_component_ref idref="oc-5fb"/>
      </symbol>
      <symbol id="sm-59f">
         <name>g_pui8MouseDescriptor</name>
         <value>0x20000b49</value>
         <object_component_ref idref="oc-14f"/>
      </symbol>
      <symbol id="sm-5a0">
         <name>g_sHIDInterfaceSection</name>
         <value>0x3ebc</value>
         <object_component_ref idref="oc-5f5"/>
      </symbol>
      <symbol id="sm-5a1">
         <name>g_sHIDConfigHeader</name>
         <value>0x20000b60</value>
         <object_component_ref idref="oc-359"/>
      </symbol>
      <symbol id="sm-5a2">
         <name>USBDHIDMouseStateChange</name>
         <value>0x3109</value>
         <object_component_ref idref="oc-84"/>
      </symbol>
      <symbol id="sm-5a3">
         <name>g_sHIDDescriptorSection</name>
         <value>0x20000b68</value>
         <object_component_ref idref="oc-5f8"/>
      </symbol>
      <symbol id="sm-5a4">
         <name>g_ppsHIDConfigDescriptors</name>
         <value>0x3ed0</value>
         <object_component_ref idref="oc-27c"/>
      </symbol>
      <symbol id="sm-5a5">
         <name>g_psHIDSections</name>
         <value>0x20000b24</value>
         <object_component_ref idref="oc-47e"/>
      </symbol>
      <symbol id="sm-5c4">
         <name>USBDescGet</name>
         <value>0x3639</value>
         <object_component_ref idref="oc-6e6"/>
      </symbol>
      <symbol id="sm-5c5">
         <name>USBDescGetNum</name>
         <value>0x36bb</value>
         <object_component_ref idref="oc-6e0"/>
      </symbol>
      <symbol id="sm-70a">
         <name>USBLibDMAInit</name>
         <value>0xf9d</value>
         <object_component_ref idref="oc-3a6"/>
      </symbol>
      <symbol id="sm-717">
         <name>ULPIConfigSet</name>
         <value>0x2afd</value>
         <object_component_ref idref="oc-37c"/>
      </symbol>
      <symbol id="sm-767">
         <name>USBDCDConfigDescGet</name>
         <value>0x2ba1</value>
         <object_component_ref idref="oc-5a5"/>
      </symbol>
      <symbol id="sm-768">
         <name>USBDCDConfigGetInterface</name>
         <value>0x3945</value>
         <object_component_ref idref="oc-417"/>
      </symbol>
      <symbol id="sm-769">
         <name>USBDCDConfigDescGetSize</name>
         <value>0x39b3</value>
         <object_component_ref idref="oc-3ec"/>
      </symbol>
      <symbol id="sm-76a">
         <name>USBDCDConfigGetInterfaceEndpoint</name>
         <value>0x326d</value>
         <object_component_ref idref="oc-325"/>
      </symbol>
      <symbol id="sm-76b">
         <name>USBDCDConfigDescGetNum</name>
         <value>0x360d</value>
         <object_component_ref idref="oc-6d2"/>
      </symbol>
      <symbol id="sm-7b8">
         <name>USBDeviceConfigAlternate</name>
         <value>0x1f55</value>
         <object_component_ref idref="oc-6d8"/>
      </symbol>
      <symbol id="sm-7b9">
         <name>USBDeviceConfig</name>
         <value>0x14f1</value>
         <object_component_ref idref="oc-6ca"/>
      </symbol>
      <symbol id="sm-905">
         <name>USBDHIDInit</name>
         <value>0x37b1</value>
         <object_component_ref idref="oc-149"/>
      </symbol>
      <symbol id="sm-906">
         <name>USBDHIDReportWrite</name>
         <value>0x2dbb</value>
         <object_component_ref idref="oc-128"/>
      </symbol>
      <symbol id="sm-907">
         <name>g_sHIDHandlers</name>
         <value>0x3d70</value>
         <object_component_ref idref="oc-343"/>
      </symbol>
      <symbol id="sm-908">
         <name>USBDHIDCompositeInit</name>
         <value>0x1a4d</value>
         <object_component_ref idref="oc-264"/>
      </symbol>
      <symbol id="sm-909">
         <name>g_pui8HIDDeviceDescriptor</name>
         <value>0x20000b11</value>
         <object_component_ref idref="oc-346"/>
      </symbol>
      <symbol id="sm-90a">
         <name>USBDHIDRemoteWakeupRequest</name>
         <value>0x3ca7</value>
         <object_component_ref idref="oc-153"/>
      </symbol>
      <symbol id="sm-90b">
         <name>USBDHIDTxPacketAvailable</name>
         <value>0x3ba1</value>
         <object_component_ref idref="oc-122"/>
      </symbol>
      <symbol id="sm-91c">
         <name>__aeabi_uidivmod</name>
         <value>0x30c9</value>
         <object_component_ref idref="oc-d0"/>
      </symbol>
      <symbol id="sm-91d">
         <name>__aeabi_uidiv</name>
         <value>0x30c9</value>
         <object_component_ref idref="oc-d0"/>
      </symbol>
      <symbol id="sm-934">
         <name>__TI_zero_init</name>
         <value>0x3c1b</value>
         <object_component_ref idref="oc-5d"/>
      </symbol>
      <symbol id="sm-94b">
         <name>__TI_decompress_none</name>
         <value>0x3bf5</value>
         <object_component_ref idref="oc-19"/>
      </symbol>
      <symbol id="sm-96e">
         <name>__TI_decompress_lzss</name>
         <value>0x26e5</value>
         <object_component_ref idref="oc-13"/>
      </symbol>
      <symbol id="sm-981">
         <name>__stack</name>
         <value>0x20000668</value>
         <object_component_ref idref="oc-22"/>
      </symbol>
      <symbol id="sm-982">
         <name>_c_int00_noargs</name>
         <value>0x344d</value>
         <object_component_ref idref="oc-69"/>
      </symbol>
      <symbol id="sm-98c">
         <name>__aeabi_idiv0</name>
         <value>0x3147</value>
         <object_component_ref idref="oc-198"/>
      </symbol>
      <symbol id="sm-98d">
         <name>__aeabi_ldiv0</name>
         <value>0x3147</value>
         <object_component_ref idref="oc-198"/>
      </symbol>
      <symbol id="sm-9a8">
         <name>memcpy</name>
         <value>0x1d91</value>
         <object_component_ref idref="oc-4b"/>
      </symbol>
      <symbol id="sm-9a9">
         <name>__aeabi_memcpy</name>
         <value>0x1d91</value>
         <object_component_ref idref="oc-4b"/>
      </symbol>
      <symbol id="sm-9aa">
         <name>__aeabi_memcpy8</name>
         <value>0x1d91</value>
         <object_component_ref idref="oc-4b"/>
      </symbol>
      <symbol id="sm-9ab">
         <name>__aeabi_memcpy4</name>
         <value>0x1d91</value>
         <object_component_ref idref="oc-4b"/>
      </symbol>
      <symbol id="sm-9ba">
         <name>__aeabi_memset</name>
         <value>0x22ed</value>
         <object_component_ref idref="oc-108"/>
      </symbol>
      <symbol id="sm-9bb">
         <name>memset</name>
         <value>0x22f3</value>
         <object_component_ref idref="oc-108"/>
      </symbol>
      <symbol id="sm-9bc">
         <name>__aeabi_memset8</name>
         <value>0x22ed</value>
         <object_component_ref idref="oc-108"/>
      </symbol>
      <symbol id="sm-9bd">
         <name>__aeabi_memset4</name>
         <value>0x22ed</value>
         <object_component_ref idref="oc-108"/>
      </symbol>
      <symbol id="sm-9be">
         <name>__aeabi_memclr8</name>
         <value>0x22eb</value>
         <object_component_ref idref="oc-108"/>
      </symbol>
      <symbol id="sm-9bf">
         <name>__aeabi_memclr4</name>
         <value>0x22eb</value>
         <object_component_ref idref="oc-108"/>
      </symbol>
      <symbol id="sm-9c0">
         <name>__aeabi_memclr</name>
         <value>0x22eb</value>
         <object_component_ref idref="oc-108"/>
      </symbol>
      <symbol id="sm-9e8">
         <name>__TI_auto_init_nobinit_nopinit</name>
         <value>0x3045</value>
         <object_component_ref idref="oc-1fc"/>
      </symbol>
      <symbol id="sm-9f2">
         <name>_system_pre_init</name>
         <value>0x3cd1</value>
         <object_component_ref idref="oc-10e"/>
      </symbol>
      <symbol id="sm-9fe">
         <name>C$$EXIT</name>
         <value>0x3cd5</value>
         <object_component_ref idref="oc-1f0"/>
      </symbol>
      <symbol id="sm-9ff">
         <name>abort</name>
         <value>0x3cd5</value>
         <object_component_ref idref="oc-1f0"/>
      </symbol>
      <symbol id="sm-a4d">
         <name>uDMAChannelControlSet</name>
         <value>0x3845</value>
         <object_component_ref idref="oc-60d"/>
      </symbol>
      <symbol id="sm-a4e">
         <name>uDMAChannelDisable</name>
         <value>0x3a49</value>
         <object_component_ref idref="oc-627"/>
      </symbol>
      <symbol id="sm-a4f">
         <name>uDMAChannelModeGet</name>
         <value>0x3789</value>
         <object_component_ref idref="oc-64c"/>
      </symbol>
      <symbol id="sm-a50">
         <name>uDMAChannelTransferSet</name>
         <value>0x21f5</value>
         <object_component_ref idref="oc-65b"/>
      </symbol>
      <symbol id="sm-a51">
         <name>uDMAChannelAttributeDisable</name>
         <value>0x2f71</value>
         <object_component_ref idref="oc-61a"/>
      </symbol>
      <symbol id="sm-a52">
         <name>uDMAChannelEnable</name>
         <value>0x3a61</value>
         <object_component_ref idref="oc-640"/>
      </symbol>
      <symbol id="sm-c01">
         <name>USBLPMIntEnable</name>
         <value>0x3c0f</value>
         <object_component_ref idref="oc-3a0"/>
      </symbol>
      <symbol id="sm-c02">
         <name>USBEndpointDataAvail</name>
         <value>0x397d</value>
         <object_component_ref idref="oc-475"/>
      </symbol>
      <symbol id="sm-c03">
         <name>USBClockEnable</name>
         <value>0x3c33</value>
         <object_component_ref idref="oc-370"/>
      </symbol>
      <symbol id="sm-c04">
         <name>USBDevDisconnect</name>
         <value>0x3c65</value>
         <object_component_ref idref="oc-1cf"/>
      </symbol>
      <symbol id="sm-c05">
         <name>USBDevEndpointStallClear</name>
         <value>0x2e05</value>
         <object_component_ref idref="oc-6b8"/>
      </symbol>
      <symbol id="sm-c06">
         <name>USBEndpointDataPut</name>
         <value>0x3313</value>
         <object_component_ref idref="oc-313"/>
      </symbol>
      <symbol id="sm-c07">
         <name>USBDMAChannelIntStatus</name>
         <value>0x3cad</value>
         <object_component_ref idref="oc-67e"/>
      </symbol>
      <symbol id="sm-c08">
         <name>USBDevAddrSet</name>
         <value>0x3ccd</value>
         <object_component_ref idref="oc-2c4"/>
      </symbol>
      <symbol id="sm-c09">
         <name>USBDMAChannelCountSet</name>
         <value>0x3c51</value>
         <object_component_ref idref="oc-699"/>
      </symbol>
      <symbol id="sm-c0a">
         <name>USBLPMIntStatus</name>
         <value>0x3cb9</value>
         <object_component_ref idref="oc-1b7"/>
      </symbol>
      <symbol id="sm-c0b">
         <name>USBDMAChannelAddressSet</name>
         <value>0x3c47</value>
         <object_component_ref idref="oc-693"/>
      </symbol>
      <symbol id="sm-c0c">
         <name>USBULPIDisable</name>
         <value>0x3bd9</value>
         <object_component_ref idref="oc-382"/>
      </symbol>
      <symbol id="sm-c0d">
         <name>USBIntStatusControl</name>
         <value>0x32a5</value>
         <object_component_ref idref="oc-df"/>
      </symbol>
      <symbol id="sm-c0e">
         <name>USBEndpointDMADisable</name>
         <value>0x37d7</value>
         <object_component_ref idref="oc-620"/>
      </symbol>
      <symbol id="sm-c0f">
         <name>USBDevEndpointDataAck</name>
         <value>0x36e5</value>
         <object_component_ref idref="oc-2d0"/>
      </symbol>
      <symbol id="sm-c10">
         <name>USBOTGMode</name>
         <value>0x3c89</value>
         <object_component_ref idref="oc-388"/>
      </symbol>
      <symbol id="sm-c11">
         <name>USBDMAChannelConfigSet</name>
         <value>0x3acd</value>
         <object_component_ref idref="oc-69f"/>
      </symbol>
      <symbol id="sm-c12">
         <name>USBULPIRegRead</name>
         <value>0x38ed</value>
         <object_component_ref idref="oc-489"/>
      </symbol>
      <symbol id="sm-c13">
         <name>USBDevMode</name>
         <value>0x3c79</value>
         <object_component_ref idref="oc-38e"/>
      </symbol>
      <symbol id="sm-c14">
         <name>USBIntEnableEndpoint</name>
         <value>0x3a79</value>
         <object_component_ref idref="oc-3b2"/>
      </symbol>
      <symbol id="sm-c15">
         <name>USBEndpointDataGet</name>
         <value>0x2fb9</value>
         <object_component_ref idref="oc-2ca"/>
      </symbol>
      <symbol id="sm-c16">
         <name>USBDevEndpointStatusClear</name>
         <value>0x2999</value>
         <object_component_ref idref="oc-2be"/>
      </symbol>
      <symbol id="sm-c17">
         <name>USBULPIEnable</name>
         <value>0x3be7</value>
         <object_component_ref idref="oc-376"/>
      </symbol>
      <symbol id="sm-c18">
         <name>USBFIFOAddrGet</name>
         <value>0x3c81</value>
         <object_component_ref idref="oc-655"/>
      </symbol>
      <symbol id="sm-c19">
         <name>USBDMAChannelStatus</name>
         <value>0x3baf</value>
         <object_component_ref idref="oc-677"/>
      </symbol>
      <symbol id="sm-c1a">
         <name>USBULPIRegWrite</name>
         <value>0x390b</value>
         <object_component_ref idref="oc-48f"/>
      </symbol>
      <symbol id="sm-c1b">
         <name>USBDMAChannelIntEnable</name>
         <value>0x3b63</value>
         <object_component_ref idref="oc-685"/>
      </symbol>
      <symbol id="sm-c1c">
         <name>USBDevLPMConfig</name>
         <value>0x3cb3</value>
         <object_component_ref idref="oc-39a"/>
      </symbol>
      <symbol id="sm-c1d">
         <name>USBDevLPMEnable</name>
         <value>0x3bcb</value>
         <object_component_ref idref="oc-1bd"/>
      </symbol>
      <symbol id="sm-c1e">
         <name>USBControllerVersion</name>
         <value>0x3c3d</value>
         <object_component_ref idref="oc-49d"/>
      </symbol>
      <symbol id="sm-c1f">
         <name>USBFIFOConfigSet</name>
         <value>0x31c1</value>
         <object_component_ref idref="oc-733"/>
      </symbol>
      <symbol id="sm-c20">
         <name>USBEndpointDMAEnable</name>
         <value>0x37fb</value>
         <object_component_ref idref="oc-63a"/>
      </symbol>
      <symbol id="sm-c21">
         <name>USBDevLPMDisable</name>
         <value>0x3bbd</value>
         <object_component_ref idref="oc-394"/>
      </symbol>
      <symbol id="sm-c22">
         <name>USBEndpointDataSend</name>
         <value>0x3419</value>
         <object_component_ref idref="oc-319"/>
      </symbol>
      <symbol id="sm-c23">
         <name>USBIntStatusEndpoint</name>
         <value>0x3c6f</value>
         <object_component_ref idref="oc-1c3"/>
      </symbol>
      <symbol id="sm-c24">
         <name>USBEndpointStatus</name>
         <value>0x3b75</value>
         <object_component_ref idref="oc-2b8"/>
      </symbol>
      <symbol id="sm-c25">
         <name>USBEndpointPacketCountSet</name>
         <value>0x3c03</value>
         <object_component_ref idref="oc-661"/>
      </symbol>
      <symbol id="sm-c26">
         <name>USBDMAChannelIntDisable</name>
         <value>0x3b51</value>
         <object_component_ref idref="oc-68c"/>
      </symbol>
      <symbol id="sm-c27">
         <name>USBEndpointDMAConfigSet</name>
         <value>0x2cd9</value>
         <object_component_ref idref="oc-667"/>
      </symbol>
      <symbol id="sm-c28">
         <name>USBDevEndpointStall</name>
         <value>0x3519</value>
         <object_component_ref idref="oc-548"/>
      </symbol>
      <symbol id="sm-c29">
         <name>USBDevConnect</name>
         <value>0x3c5b</value>
         <object_component_ref idref="oc-3b8"/>
      </symbol>
      <symbol id="sm-c2a">
         <name>USBDevEndpointConfigSet</name>
         <value>0x2271</value>
         <object_component_ref idref="oc-727"/>
      </symbol>
      <symbol id="sm-c2b">
         <name>USBDMAChannelDisable</name>
         <value>0x3b2d</value>
         <object_component_ref idref="oc-670"/>
      </symbol>
      <symbol id="sm-c2c">
         <name>USBDMAChannelEnable</name>
         <value>0x3b3f</value>
         <object_component_ref idref="oc-6a5"/>
      </symbol>
      <symbol id="sm-c2d">
         <name>USBHostResume</name>
         <value>0x3ae1</value>
         <object_component_ref idref="oc-2a9"/>
      </symbol>
      <symbol id="sm-c2e">
         <name>USBIntEnableControl</name>
         <value>0x3761</value>
         <object_component_ref idref="oc-3ac"/>
      </symbol>
      <symbol id="sm-c2f">
         <name>USBEndpointDMAChannel</name>
         <value>0x39cd</value>
         <object_component_ref idref="oc-614"/>
      </symbol>
      <symbol id="sm-c30">
         <name>__TI_static_base__</name>
         <value>0x0</value>
      </symbol>
      <symbol id="sm-c33">
         <name>__mpu_init</name>
         <value>0x0</value>
      </symbol>
      <symbol id="sm-c34">
         <name>_system_post_cinit</name>
         <value>0x0</value>
      </symbol>
   </symbol_table>
   <title>Link successful</title>
</link_info>
